CMD: /usr/local/bin/ffmpeg -y -i /Users/marcusduggs/Golf_Caddie/media/input/1_ib58wuw.MOV -i /var/folders/_d/nl4vd3js3qn2m8srxyjyns5r0000gn/T/mapbox_map_3bdb2231.png -filter_complex [1:v]scale=465:-1[map];[0:v][map]overlay=main_w-overlay_w-10:main_h-overlay_h-10 -map 0:a? -c:v libx264 -preset veryfast -crf 23 -pix_fmt yuv420p -c:a aac -b:a 128k -movflags +faststart /Users/marcusduggs/Golf_Caddie/media/output/1_processed.mp4

STDOUT:


STDERR:
ffmpeg version 8.0.1 Copyright (c) 2000-2025 the FFmpeg developers
  built with Apple clang version 16.0.0 (clang-1600.0.26.6)
  configuration: --prefix=/usr/local/Cellar/ffmpeg/8.0.1 --enable-shared --enable-pthreads --enable-version3 --cc=clang --host-cflags= --host-ldflags= --enable-ffplay --enable-gnutls --enable-gpl --enable-libaom --enable-libaribb24 --enable-libbluray --enable-libdav1d --enable-libharfbuzz --enable-libjxl --enable-libmp3lame --enable-libopus --enable-librav1e --enable-librist --enable-librubberband --enable-libsnappy --enable-libsrt --enable-libssh --enable-libsvtav1 --enable-libtesseract --enable-libtheora --enable-libvidstab --enable-libvmaf --enable-libvorbis --enable-libvpx --enable-libwebp --enable-libx264 --enable-libx265 --enable-libxml2 --enable-libxvid --enable-lzma --enable-libfontconfig --enable-libfreetype --enable-frei0r --enable-libass --enable-libopencore-amrnb --enable-libopencore-amrwb --enable-libopenjpeg --enable-libspeex --enable-libsoxr --enable-libzmq --enable-libzimg --disable-libjack --disable-indev=jack --enable-videotoolbox --enable-audiotoolbox
  libavutil      60.  8.100 / 60.  8.100
  libavcodec     62. 11.100 / 62. 11.100
  libavformat    62.  3.100 / 62.  3.100
  libavdevice    62.  1.100 / 62.  1.100
  libavfilter    11.  4.100 / 11.  4.100
  libswscale      9.  1.100 /  9.  1.100
  libswresample   6.  1.100 /  6.  1.100
Input #0, mov,mp4,m4a,3gp,3g2,mj2, from '/Users/marcusduggs/Golf_Caddie/media/input/1_ib58wuw.MOV':
  Metadata:
    major_brand     : qt  
    minor_version   : 0
    compatible_brands: qt  
    creation_time   : 2024-11-11T01:03:46.000000Z
    com.apple.quicktime.copyright: Meta View
    com.apple.quicktime.location.ISO6709: +37.7250-121.8554/
    com.apple.quicktime.comment: app=Meta View&device=Ray-Ban Meta Smart Glasses&id=4476E994-CCA1-499B-A393-2D9CDAC8699A
    com.apple.quicktime.model: Ray-Ban Meta Smart Glasses
    com.apple.quicktime.creationdate: 2024-11-10T22:45:56Z
  Duration: 00:00:12.63, start: 0.000000, bitrate: 15716 kb/s
  Stream #0:0[0x1](und): Video: hevc (Main 10) (hvc1 / 0x31637668), yuv420p10le(tv, bt709, progressive), 1552x2064, 15461 kb/s, 30 fps, 30 tbr, 600 tbn (default)
    Metadata:
      creation_time   : 2024-11-11T01:03:46.000000Z
      handler_name    : Core Media Video
      vendor_id       : [0][0][0][0]
      encoder         : 'hvc1'
  Stream #0:1[0x2](und): Audio: aac (LC) (mp4a / 0x6134706D), 44100 Hz, stereo, fltp, 249 kb/s (default)
    Metadata:
      creation_time   : 2024-11-11T01:03:46.000000Z
      handler_name    : Core Media Audio
      vendor_id       : [0][0][0][0]
Input #1, png_pipe, from '/var/folders/_d/nl4vd3js3qn2m8srxyjyns5r0000gn/T/mapbox_map_3bdb2231.png':
  Duration: N/A, bitrate: N/A
  Stream #1:0: Video: png, pal8(pc, gbr/unknown/unknown), 500x600, 25 fps, 25 tbr, 25 tbn
Stream mapping:
  Stream #0:0 (hevc) -> overlay
  Stream #1:0 (png) -> scale:default
  overlay:default -> Stream #0:0 (libx264)
  Stream #0:1 -> #0:1 (aac (native) -> aac (native))
Press [q] to stop, [?] for help
[libx264 @ 0x7fb0b8f16580] using cpu capabilities: MMX2 SSE2Fast SSSE3 SSE4.2 AVX FMA3 BMI2 AVX2
[libx264 @ 0x7fb0b8f16580] profile High, level 5.0, 4:2:0, 8-bit
[libx264 @ 0x7fb0b8f16580] 264 - core 165 r3222 b35605a - H.264/MPEG-4 AVC codec - Copyleft 2003-2025 - http://www.videolan.org/x264.html - options: cabac=1 ref=1 deblock=1:0:0 analyse=0x3:0x113 me=hex subme=2 psy=1 psy_rd=1.00:0.00 mixed_ref=0 me_range=16 chroma_me=1 trellis=0 8x8dct=1 cqm=0 deadzone=21,11 fast_pskip=1 chroma_qp_offset=0 threads=12 lookahead_threads=4 sliced_threads=0 nr=0 decimate=1 interlaced=0 bluray_compat=0 constrained_intra=0 bframes=3 b_pyramid=2 b_adapt=1 b_bias=0 direct=1 weightb=1 open_gop=0 weightp=1 keyint=250 keyint_min=25 scenecut=40 intra_refresh=0 rc_lookahead=10 rc=crf mbtree=1 crf=23.0 qcomp=0.60 qpmin=0 qpmax=69 qpstep=4 ip_ratio=1.40 aq=1:1.00
Output #0, mp4, to '/Users/marcusduggs/Golf_Caddie/media/output/1_processed.mp4':
  Metadata:
    major_brand     : qt  
    minor_version   : 0
    compatible_brands: qt  
    com.apple.quicktime.creationdate: 2024-11-10T22:45:56Z
    com.apple.quicktime.copyright: Meta View
    com.apple.quicktime.location.ISO6709: +37.7250-121.8554/
    com.apple.quicktime.comment: app=Meta View&device=Ray-Ban Meta Smart Glasses&id=4476E994-CCA1-499B-A393-2D9CDAC8699A
    com.apple.quicktime.model: Ray-Ban Meta Smart Glasses
    encoder         : Lavf62.3.100
  Stream #0:0: Video: h264 (avc1 / 0x31637661), yuv420p(tv, bt709, progressive), 1552x2064, q=2-31, 30 fps, 15360 tbn
    Metadata:
      encoder         : Lavc62.11.100 libx264
    Side data:
      cpb: bitrate max/min/avg: 0/0/0 buffer size: 0 vbv_delay: N/A
  Stream #0:1(und): Audio: aac (LC) (mp4a / 0x6134706D), 44100 Hz, stereo, fltp, 128 kb/s (default)
    Metadata:
      encoder         : Lavc62.11.100 aac
      creation_time   : 2024-11-11T01:03:46.000000Z
      handler_name    : Core Media Audio
      vendor_id       : [0][0][0][0]
frame=    0 fps=0.0 q=0.0 size=       0KiB time=N/A bitrate=N/A speed=N/A elapsed=0:00:00.50    
frame=    6 fps=5.9 q=29.0 size=     768KiB time=00:00:00.13 bitrate=47188.9kbits/s speed=0.132x elapsed=0:00:01.01    
frame=   34 fps= 22 q=29.0 size=    2304KiB time=00:00:01.06 bitrate=17695.1kbits/s speed=0.704x elapsed=0:00:01.51    
frame=   62 fps= 31 q=29.0 size=    3840KiB time=00:00:02.00 bitrate=15728.8kbits/s speed=0.991x elapsed=0:00:02.01    
frame=   90 fps= 36 q=29.0 size=    5120KiB time=00:00:02.93 bitrate=14298.9kbits/s speed=1.16x elapsed=0:00:02.51    
frame=  118 fps= 39 q=29.0 size=    6656KiB time=00:00:03.86 bitrate=14101.6kbits/s speed=1.28x elapsed=0:00:03.02    
frame=  146 fps= 41 q=29.0 size=    7680KiB time=00:00:04.80 bitrate=13107.3kbits/s speed=1.36x elapsed=0:00:03.52    
frame=  182 fps= 45 q=29.0 size=    9472KiB time=00:00:06.00 bitrate=12932.5kbits/s speed=1.49x elapsed=0:00:04.02    
frame=  214 fps= 47 q=29.0 size=   11008KiB time=00:00:07.06 bitrate=12761.0kbits/s speed=1.56x elapsed=0:00:04.53    
frame=  244 fps= 48 q=29.0 size=   12288KiB time=00:00:08.06 bitrate=12479.0kbits/s speed= 1.6x elapsed=0:00:05.03    
frame=  272 fps= 49 q=29.0 size=   14080KiB time=00:00:09.00 bitrate=12816.0kbits/s speed=1.62x elapsed=0:00:05.53    
frame=  304 fps= 50 q=29.0 size=   15360KiB time=00:00:10.06 bitrate=12499.6kbits/s speed=1.67x elapsed=0:00:06.04    
frame=  336 fps= 51 q=29.0 size=   16896KiB time=00:00:11.13 bitrate=12432.3kbits/s speed= 1.7x elapsed=0:00:06.54    
[mp4 @ 0x7fb0b8f13b80] Starting second pass: moving the moov atom to the beginning of the file
[out#0/mp4 @ 0x7fb0b8f140c0] video:19377KiB audio:197KiB subtitle:0KiB other streams:0KiB global headers:0KiB muxing overhead: 0.075240%
frame=  379 fps= 54 q=-1.0 Lsize=   19589KiB time=00:00:12.53 bitrate=12799.6kbits/s speed=1.78x elapsed=0:00:07.03    
[libx264 @ 0x7fb0b8f16580] frame I:2     Avg QP:22.46  size:598647
[libx264 @ 0x7fb0b8f16580] frame P:99    Avg QP:24.61  size:153223
[libx264 @ 0x7fb0b8f16580] frame B:278   Avg QP:27.77  size: 12502
[libx264 @ 0x7fb0b8f16580] consecutive B-frames:  1.3%  1.6%  3.2% 93.9%
[libx264 @ 0x7fb0b8f16580] mb I  I16..4:  9.0% 31.9% 59.1%
[libx264 @ 0x7fb0b8f16580] mb P  I16..4:  3.3% 14.0%  0.8%  P16..4: 37.6%  8.9%  8.2%  0.0%  0.0%    skip:27.2%
[libx264 @ 0x7fb0b8f16580] mb B  I16..4:  0.1%  0.4%  0.0%  B16..8:  7.6%  2.9%  0.8%  direct: 5.5%  skip:82.7%  L0:25.8% L1:40.7% BI:33.5%
[libx264 @ 0x7fb0b8f16580] 8x8 transform intra:72.7% inter:46.7%
[libx264 @ 0x7fb0b8f16580] coded y,uvDC,uvAC intra: 26.5% 33.9% 4.2% inter: 15.2% 4.4% 0.0%
[libx264 @ 0x7fb0b8f16580] i16 v,h,dc,p: 33% 42% 13% 11%
[libx264 @ 0x7fb0b8f16580] i8 v,h,dc,ddl,ddr,vr,hd,vl,hu: 14% 40% 43%  0%  1%  0%  1%  0%  1%
[libx264 @ 0x7fb0b8f16580] i4 v,h,dc,ddl,ddr,vr,hd,vl,hu: 13% 17% 14%  7% 11%  9% 11%  8%  9%
[libx264 @ 0x7fb0b8f16580] i8c dc,h,v,p: 60% 27% 11%  2%
[libx264 @ 0x7fb0b8f16580] Weighted P-Frames: Y:1.0% UV:0.0%
[libx264 @ 0x7fb0b8f16580] kb/s:12564.76
[aac @ 0x7fb0b8f17b80] Qavg: 1376.713
